id = fun A : Type 0 => fun x : A => x
    : forall A : Type 0, A -> A
